// Jest Snapshot v1, https://goo.gl/fbAQLP

exports[`atoms/Title matches its base snapshot 1`] = `
.c0 {
  color: #333;
  font-size: 1.25rem;
  font-weight: 500;
  margin: 0;
}

<body>
  <div>
    <h1
      class="c0"
      data-testid="atom-title"
    />
  </div>
</body>
`;
