// Jest Snapshot v1, https://goo.gl/fbAQLP

exports[`atoms/TextInput matches its base snapshot 1`] = `
.c1 {
  -webkit-appearance: textfield;
  -moz-appearance: textfield;
  appearance: textfield;
  background: none;
  border: 0;
  color: #242425;
  cursor: initial;
  font-family: 'roboto-mono',monospace;
  font-size: 0.75rem;
  font-weight: 400;
  margin: 0;
  outline: 0;
  padding: 0;
  width: inherit;
}

.c1:-webkit-autofill {
  box-shadow: inset 0 0 0px 9999px #f2f3f5;
}

.c1::-webkit-input-placeholder {
  color: #8F95a5;
}

.c1::-moz-placeholder {
  color: #8F95a5;
}

.c1:-ms-input-placeholder {
  color: #8F95a5;
}

.c1::placeholder {
  color: #8F95a5;
}

.c1:disabled {
  color: #B0BEC5 !important;
}

.c0 {
  -webkit-align-items: center;
  -webkit-box-align: center;
  -ms-flex-align: center;
  align-items: center;
  background-color: #f2f3f5;
  border: #f2f3f5 solid 0.125rem;
  border-radius: 0.25rem;
  cursor: initial;
  display: -webkit-box;
  display: -webkit-flex;
  display: -ms-flexbox;
  display: flex;
  min-height: 2.375rem;
  padding: 0 1rem;
  -webkit-transition: all 0.25s cubic-bezier(0.075,0.82,0.165,1);
  transition: all 0.25s cubic-bezier(0.075,0.82,0.165,1);
  width: 100%;
}

.c0:hover {
  background-color: #e1e7ee;
  border-color: #e1e7ee;
}

.c0:focus-within {
  background-color: #fff;
  border-color: #d8e0ea;
}

.c0 input:-webkit-autofill {
  box-shadow: inset 0 0 0px 9999px #f2f3f5;
}

.c0 input:-webkit-autofill:hover {
  box-shadow: inset 0 0 0px 9999px #e1e7ee;
}

.c0 input:-webkit-autofill:focus {
  box-shadow: inset 0 0 0px 9999px #fff;
}

<div>
  <div
    class="c0"
    data-testid="atom-text-input"
    type="text"
  >
    <input
      class="c1"
      data-testid="atom-input"
      placeholder=""
      tabindex="0"
      type="text"
    />
  </div>
</div>
`;
